// Jest Snapshot v1, https://goo.gl/fbAQLP

exports[`Todo renders without crashing 1`] = `
<Todo
  completed={false}
  onClick={[Function]}
  text="Todo"
>
  <li
    data-radium={true}
    onClick={[Function]}
    style={
      Object {
        "fontSize": "18px",
        "userSelect": "none",
      }
    }
  >
    Todo
  </li>
</Todo>
`;
