// Jest Snapshot v1, https://goo.gl/fbAQLP

exports[`Todo renders without crashing 1`] = `
<Todo
  completed={false}
  onClick={[Function]}
  text="Todo"
>
  <li
    className="todo"
    onClick={[Function]}
    style={
      Object {
        "textDecoration": "none",
      }
    }
  >
    Todo
  </li>
</Todo>
`;
