exports[`App renders without crashing 1`] = `
<Connect(ConnectedRouter)
  history={Object {}}>
  <div>
    <Switch>
      <Route
        component={[Function]}
        exact={true}
        path="/" />
      <Route
        component={[Function]} />
    </Switch>
  </div>
</Connect(ConnectedRouter)>
`;
