// Jest Snapshot v1, https://goo.gl/fbAQLP

exports[`App renders without crashing 1`] = `
<Connect(ConnectedRouter)
  history={Object {}}
>
  <div>
    <Switch>
      <Route
        component={[Function]}
        exact={true}
        path="/"
      />
      <Route
        component={[Function]}
        path="/about"
      />
      <Route
        component={[Function]}
      />
    </Switch>
  </div>
</Connect(ConnectedRouter)>
`;
