// Jest Snapshot v1, https://goo.gl/fbAQLP

exports[`<AddTodo /> renders without crashing 1`] = `
<div>
  <form
    onSubmit={[Function]}
  >
    <Input
      name="todo"
      onChange={[Function]}
      type="text"
      value=""
    />
    <Button
      as="button"
      primary={true}
      type="submit"
    >
      Add Todo
    </Button>
  </form>
</div>
`;
